exports[`test Question renders correctly 1`] = `null`;
