exports[`test Start renders correctly 1`] = `
<div>
  <h2 />
  <p />
  <button
    className="btn btn-default"
    onClick={undefined}>
    Start
  </button>
</div>
`;
