// Jest Snapshot v1, https://goo.gl/fbAQLP

exports[`Question renders correctly 1`] = `null`;
